<?xml version="1.0" encoding="UTF-8"?>
<TestRun id="32fe1e9f-b5cb-4412-adde-c1210f3affd1" name="Mr.Bobby@MBPC 2011-11-03 21:35:57" runUser="MBPC\Mr.Bobby" xmlns="http://microsoft.com/schemas/VisualStudio/TeamTest/2010">
  <TestSettings name="Local" id="eee96bbc-903f-456e-99b1-02f483d57c32">
    <Description>These are default test settings for a local test run.</Description>
    <Deployment enabled="false" runDeploymentRoot="Mr.Bobby_MBPC 2011-11-03 21_35_57">
      <DeploymentItem filename="d:\_mb\School\FEL\Predmety\A7B36PRO\ELearning\Data\bin\Debug\ELearning.Data.dll" />
      <DeploymentItem filename="d:\_mb\School\FEL\Predmety\A7B36PRO\ELearning\Business\bin\Debug\ELearning.Business.dll" />
      <DeploymentItem filename="d:\_mb\School\FEL\Predmety\A7B36PRO\ELearning\ELearning\bin\ELearning.dll" />
      <DeploymentItem filename="C:\Program Files (x86)\Microsoft ADO.NET Entity Framework 4.1\Binaries\EntityFramework.dll" />
      <DeploymentItem filename="d:\_mb\School\FEL\Predmety\A7B36PRO\ELearning\Shared\bin\Debug\ELearning.Shared.dll" />
    </Deployment>
    <Execution>
      <TestTypeSpecific />
      <AgentRule name="Execution Agents">
      </AgentRule>
    </Execution>
  </TestSettings>
  <Times creation="2011-11-03T21:35:57.9592362+01:00" queuing="2011-11-03T21:35:59.0652994+01:00" start="2011-11-03T21:35:59.1163023+01:00" finish="2011-11-03T21:36:00.1823633+01:00" />
  <ResultSummary outcome="Completed">
    <Counters total="1" executed="1" passed="1" error="0" failed="0" timeout="0" aborted="0" inconclusive="0" passedButRunAborted="0" notRunnable="0" notExecuted="0" disconnected="0" warning="0" completed="0" inProgress="0" pending="0" />
  </ResultSummary>
  <TestDefinitions>
    <UnitTest name="CreateFromArrayTest" storage="d:\_mb\school\fel\predmety\a7b36pro\elearning\unittests\bin\debug\unittests.dll" id="faa0f045-ceaf-750e-7d0d-d38222d601ae">
      <Execution id="272e7e96-1a39-4fc3-9ff7-9abcc366062a" />
      <TestMethod codeBase="D:/_mb/School/FEL/Predmety/A7B36PRO/ELearning/UnitTests/bin/Debug/UnitTests.DLL" adapterTypeName="Microsoft.VisualStudio.TestTools.TestTypes.Unit.UnitTestAdapter, Microsoft.VisualStudio.QualityTools.Tips.UnitTest.Adapter, Version=10.0.0.0, Culture=neutral, PublicKeyToken=b03f5f7f11d50a3a" className="UnitTests.DataModelBaseTest, UnitTests, Version=1.0.0.0, Culture=neutral, PublicKeyToken=null" name="CreateFromArrayTest" />
    </UnitTest>
  </TestDefinitions>
  <TestLists>
    <TestList name="Results Not in a List" id="8c84fa94-04c1-424b-9868-57a2d4851a1d" />
    <TestList name="All Loaded Results" id="19431567-8539-422a-85d7-44ee4e166bda" />
  </TestLists>
  <TestEntries>
    <TestEntry testId="faa0f045-ceaf-750e-7d0d-d38222d601ae" executionId="272e7e96-1a39-4fc3-9ff7-9abcc366062a" testListId="8c84fa94-04c1-424b-9868-57a2d4851a1d" />
  </TestEntries>
  <Results>
    <UnitTestResult executionId="272e7e96-1a39-4fc3-9ff7-9abcc366062a" testId="faa0f045-ceaf-750e-7d0d-d38222d601ae" testName="CreateFromArrayTest" computerName="MBPC" duration="00:00:00.0373212" startTime="2011-11-03T21:35:59.1693054+01:00" endTime="2011-11-03T21:36:00.0743571+01:00" testType="13cdc9d9-ddb5-4fa4-a97d-d965ccfc6d4b" outcome="Passed" testListId="8c84fa94-04c1-424b-9868-57a2d4851a1d" relativeResultsDirectory="272e7e96-1a39-4fc3-9ff7-9abcc366062a">
    </UnitTestResult>
  </Results>
</TestRun>